Nothing to build in platform 'uart_pl_wrapper'

06:34:24 **** Incremental Build of configuration Debug for project uart-pl ****
make all 
make --no-print-directory pre-build
a9-linaro-pre-build-step
' '
make --no-print-directory main-build
'Building file: ../src/helloworld.c'
'Invoking: ARM v7 gcc compiler'
arm-none-eabi-gcc -Wall -O0 -g3 -c -fmessage-length=0 -MT"src/helloworld.o" -mcpu=cortex-a9 -mfpu=vfpv3 -mfloat-abi=hard -IC:/Users/darkr/Documents/vitisProjects2/uart_pl_wrapper/export/uart_pl_wrapper/sw/uart_pl_wrapper/standalone_ps7_cortexa9_0/bspinclude/include -MMD -MP -MF"src/helloworld.d" -MT"src/helloworld.o" -o "src/helloworld.o" "../src/helloworld.c"
'Finished building: ../src/helloworld.c'
' '
'Building target: uart-pl.elf'
'Invoking: ARM v7 gcc linker'
arm-none-eabi-gcc -mcpu=cortex-a9 -mfpu=vfpv3 -mfloat-abi=hard -Wl,-build-id=none -specs=Xilinx.spec -Wl,-T -Wl,../src/lscript.ld -LC:/Users/darkr/Documents/vitisProjects2/uart_pl_wrapper/export/uart_pl_wrapper/sw/uart_pl_wrapper/standalone_ps7_cortexa9_0/bsplib/lib -o "uart-pl.elf"  ./src/helloworld.o ./src/platform.o   -Wl,--start-group,-lxil,-lgcc,-lc,--end-group
'Finished building target: uart-pl.elf'
' '
'Invoking: ARM v7 Print Size'
arm-none-eabi-size uart-pl.elf  |tee "uart-pl.elf.size"
   text	   data	    bss	    dec	    hex	filename
  20938	   1192	  22600	  44730	   aeba	uart-pl.elf
'Finished building: uart-pl.elf.size'
' '
